Archive member included because of file (symbol)

c:/winavr-20100110/bin/../lib/gcc/avr/4.3.3/avr5\libgcc.a(_exit.o)
                              c:/winavr-20100110/bin/../lib/gcc/avr/4.3.3/../../../../avr/lib/avr5/crtm32.o (exit)
c:/winavr-20100110/bin/../lib/gcc/avr/4.3.3/avr5\libgcc.a(_copy_data.o)
                              ./MCAL/Dio/Dio_config.o (__do_copy_data)
c:/winavr-20100110/bin/../lib/gcc/avr/4.3.3/avr5\libgcc.a(_clear_bss.o)
                              ./main.o (__do_clear_bss)

Memory Configuration

Name             Origin             Length             Attributes
text             0x00000000         0x00020000         xr
data             0x00800060         0x0000ffa0         rw !x
eeprom           0x00810000         0x00010000         rw !x
fuse             0x00820000         0x00000400         rw !x
lock             0x00830000         0x00000400         rw !x
signature        0x00840000         0x00000400         rw !x
*default*        0x00000000         0xffffffff

Linker script and memory map

LOAD c:/winavr-20100110/bin/../lib/gcc/avr/4.3.3/../../../../avr/lib/avr5/crtm32.o
LOAD ./MCAL/Dio/Dio.o
LOAD ./MCAL/Dio/Dio_config.o
LOAD ./HAL/UART/uart.o
LOAD ./HAL/SPI/master/master.o
LOAD ./HAL/SPI/master/master_cfg.o
LOAD ./HAL/LCD/lcd.o
LOAD ./main.o
LOAD c:/winavr-20100110/bin/../lib/gcc/avr/4.3.3/avr5\libgcc.a
LOAD c:/winavr-20100110/bin/../lib/gcc/avr/4.3.3/../../../../avr/lib/avr5\libc.a
LOAD c:/winavr-20100110/bin/../lib/gcc/avr/4.3.3/avr5\libgcc.a

.hash
 *(.hash)

.dynsym
 *(.dynsym)

.dynstr
 *(.dynstr)

.gnu.version
 *(.gnu.version)

.gnu.version_d
 *(.gnu.version_d)

.gnu.version_r
 *(.gnu.version_r)

.rel.init
 *(.rel.init)

.rela.init
 *(.rela.init)

.rel.text
 *(.rel.text)
 *(.rel.text.*)
 *(.rel.gnu.linkonce.t*)

.rela.text
 *(.rela.text)
 *(.rela.text.*)
 *(.rela.gnu.linkonce.t*)

.rel.fini
 *(.rel.fini)

.rela.fini
 *(.rela.fini)

.rel.rodata
 *(.rel.rodata)
 *(.rel.rodata.*)
 *(.rel.gnu.linkonce.r*)

.rela.rodata
 *(.rela.rodata)
 *(.rela.rodata.*)
 *(.rela.gnu.linkonce.r*)

.rel.data
 *(.rel.data)
 *(.rel.data.*)
 *(.rel.gnu.linkonce.d*)

.rela.data
 *(.rela.data)
 *(.rela.data.*)
 *(.rela.gnu.linkonce.d*)

.rel.ctors
 *(.rel.ctors)

.rela.ctors
 *(.rela.ctors)

.rel.dtors
 *(.rel.dtors)

.rela.dtors
 *(.rela.dtors)

.rel.got
 *(.rel.got)

.rela.got
 *(.rela.got)

.rel.bss
 *(.rel.bss)

.rela.bss
 *(.rela.bss)

.rel.plt
 *(.rel.plt)

.rela.plt
 *(.rela.plt)

.text           0x00000000      0x516
 *(.vectors)
 .vectors       0x00000000       0x54 c:/winavr-20100110/bin/../lib/gcc/avr/4.3.3/../../../../avr/lib/avr5/crtm32.o
                0x00000000                __vectors
                0x00000000                __vector_default
 *(.vectors)
 *(.progmem.gcc*)
 *(.progmem*)
                0x00000054                . = ALIGN (0x2)
                0x00000054                __trampolines_start = .
 *(.trampolines)
 .trampolines   0x00000054        0x0 linker stubs
 *(.trampolines*)
                0x00000054                __trampolines_end = .
 *(.jumptables)
 *(.jumptables*)
 *(.lowtext)
 *(.lowtext*)
                0x00000054                __ctors_start = .
 *(.ctors)
                0x00000054                __ctors_end = .
                0x00000054                __dtors_start = .
 *(.dtors)
                0x00000054                __dtors_end = .
 SORT(*)(.ctors)
 SORT(*)(.dtors)
 *(.init0)
 .init0         0x00000054        0x0 c:/winavr-20100110/bin/../lib/gcc/avr/4.3.3/../../../../avr/lib/avr5/crtm32.o
                0x00000054                __init
 *(.init0)
 *(.init1)
 *(.init1)
 *(.init2)
 .init2         0x00000054        0xc c:/winavr-20100110/bin/../lib/gcc/avr/4.3.3/../../../../avr/lib/avr5/crtm32.o
 *(.init2)
 *(.init3)
 *(.init3)
 *(.init4)
 .init4         0x00000060       0x16 c:/winavr-20100110/bin/../lib/gcc/avr/4.3.3/avr5\libgcc.a(_copy_data.o)
                0x00000060                __do_copy_data
 .init4         0x00000076       0x10 c:/winavr-20100110/bin/../lib/gcc/avr/4.3.3/avr5\libgcc.a(_clear_bss.o)
                0x00000076                __do_clear_bss
 *(.init4)
 *(.init5)
 *(.init5)
 *(.init6)
 *(.init6)
 *(.init7)
 *(.init7)
 *(.init8)
 *(.init8)
 *(.init9)
 .init9         0x00000086        0x8 c:/winavr-20100110/bin/../lib/gcc/avr/4.3.3/../../../../avr/lib/avr5/crtm32.o
 *(.init9)
 *(.text)
 .text          0x0000008e        0x4 c:/winavr-20100110/bin/../lib/gcc/avr/4.3.3/../../../../avr/lib/avr5/crtm32.o
                0x0000008e                __vector_1
                0x0000008e                __vector_12
                0x0000008e                __bad_interrupt
                0x0000008e                __vector_6
                0x0000008e                __vector_3
                0x0000008e                __vector_11
                0x0000008e                __vector_13
                0x0000008e                __vector_17
                0x0000008e                __vector_19
                0x0000008e                __vector_7
                0x0000008e                __vector_5
                0x0000008e                __vector_4
                0x0000008e                __vector_9
                0x0000008e                __vector_2
                0x0000008e                __vector_15
                0x0000008e                __vector_8
                0x0000008e                __vector_14
                0x0000008e                __vector_10
                0x0000008e                __vector_16
                0x0000008e                __vector_18
                0x0000008e                __vector_20
 .text          0x00000092        0x0 ./MCAL/Dio/Dio.o
 .text          0x00000092        0x0 ./MCAL/Dio/Dio_config.o
 .text          0x00000092        0x0 ./HAL/UART/uart.o
 .text          0x00000092        0x0 ./HAL/SPI/master/master.o
 .text          0x00000092        0x0 ./HAL/SPI/master/master_cfg.o
 .text          0x00000092        0x0 ./HAL/LCD/lcd.o
 .text          0x00000092        0x0 ./main.o
 .text          0x00000092        0x0 c:/winavr-20100110/bin/../lib/gcc/avr/4.3.3/avr5\libgcc.a(_exit.o)
 .text          0x00000092        0x0 c:/winavr-20100110/bin/../lib/gcc/avr/4.3.3/avr5\libgcc.a(_copy_data.o)
 .text          0x00000092        0x0 c:/winavr-20100110/bin/../lib/gcc/avr/4.3.3/avr5\libgcc.a(_clear_bss.o)
                0x00000092                . = ALIGN (0x2)
 *(.text.*)
 .text.Dio_read
                0x00000092        0x2 ./MCAL/Dio/Dio.o
                0x00000092                Dio_read
 .text.Dio_write
                0x00000094       0xe6 ./MCAL/Dio/Dio.o
                0x00000094                Dio_write
 .text.Dio_Port_write
                0x0000017a       0x22 ./MCAL/Dio/Dio.o
                0x0000017a                Dio_Port_write
 .text.Dio_init
                0x0000019c       0xf6 ./MCAL/Dio/Dio_config.o
                0x0000019c                Dio_init
 .text.UART_init
                0x00000292        0xe ./HAL/UART/uart.o
                0x00000292                UART_init
 .text.UART_send
                0x000002a0        0x8 ./HAL/UART/uart.o
                0x000002a0                UART_send
 .text.UART_recieve
                0x000002a8        0x8 ./HAL/UART/uart.o
                0x000002a8                UART_recieve
 .text.SPI_MasterInit
                0x000002b0       0x10 ./HAL/SPI/master/master.o
                0x000002b0                SPI_MasterInit
 .text.SPI_MasterTransmit
                0x000002c0        0x8 ./HAL/SPI/master/master.o
                0x000002c0                SPI_MasterTransmit
 .text.lcd_data
                0x000002c8       0xea ./HAL/LCD/lcd.o
                0x000002c8                lcd_data
 .text.lcd_cmd  0x000003b2       0xe4 ./HAL/LCD/lcd.o
                0x000003b2                lcd_cmd
 .text.lcd_init
                0x00000496       0x40 ./HAL/LCD/lcd.o
                0x00000496                lcd_init
 .text.main     0x000004d6       0x2a ./main.o
                0x000004d6                main
 .text.test     0x00000500       0x12 ./main.o
                0x00000500                test
 .text.libgcc   0x00000512        0x0 c:/winavr-20100110/bin/../lib/gcc/avr/4.3.3/avr5\libgcc.a(_exit.o)
 .text.libgcc   0x00000512        0x0 c:/winavr-20100110/bin/../lib/gcc/avr/4.3.3/avr5\libgcc.a(_copy_data.o)
 .text.libgcc   0x00000512        0x0 c:/winavr-20100110/bin/../lib/gcc/avr/4.3.3/avr5\libgcc.a(_clear_bss.o)
                0x00000512                . = ALIGN (0x2)
 *(.fini9)
 .fini9         0x00000512        0x0 c:/winavr-20100110/bin/../lib/gcc/avr/4.3.3/avr5\libgcc.a(_exit.o)
                0x00000512                exit
                0x00000512                _exit
 *(.fini9)
 *(.fini8)
 *(.fini8)
 *(.fini7)
 *(.fini7)
 *(.fini6)
 *(.fini6)
 *(.fini5)
 *(.fini5)
 *(.fini4)
 *(.fini4)
 *(.fini3)
 *(.fini3)
 *(.fini2)
 *(.fini2)
 *(.fini1)
 *(.fini1)
 *(.fini0)
 .fini0         0x00000512        0x4 c:/winavr-20100110/bin/../lib/gcc/avr/4.3.3/avr5\libgcc.a(_exit.o)
 *(.fini0)
                0x00000516                _etext = .

.data           0x00800060       0x60 load address 0x00000516
                0x00800060                PROVIDE (__data_start, .)
 *(.data)
 .data          0x00800060        0x0 c:/winavr-20100110/bin/../lib/gcc/avr/4.3.3/../../../../avr/lib/avr5/crtm32.o
 .data          0x00800060        0x0 ./MCAL/Dio/Dio.o
 .data          0x00800060        0x0 ./MCAL/Dio/Dio_config.o
 .data          0x00800060        0x0 ./HAL/UART/uart.o
 .data          0x00800060        0x0 ./HAL/SPI/master/master.o
 .data          0x00800060        0x0 ./HAL/SPI/master/master_cfg.o
 .data          0x00800060        0x0 ./HAL/LCD/lcd.o
 .data          0x00800060        0x0 ./main.o
 .data          0x00800060        0x0 c:/winavr-20100110/bin/../lib/gcc/avr/4.3.3/avr5\libgcc.a(_exit.o)
 .data          0x00800060        0x0 c:/winavr-20100110/bin/../lib/gcc/avr/4.3.3/avr5\libgcc.a(_copy_data.o)
 .data          0x00800060        0x0 c:/winavr-20100110/bin/../lib/gcc/avr/4.3.3/avr5\libgcc.a(_clear_bss.o)
 *(.data*)
 .data.Pin_Cfgs
                0x00800060       0x60 ./MCAL/Dio/Dio_config.o
                0x00800060                Pin_Cfgs
 *(.rodata)
 *(.rodata*)
 *(.gnu.linkonce.d*)
                0x008000c0                . = ALIGN (0x2)
                0x008000c0                _edata = .
                0x008000c0                PROVIDE (__data_end, .)

.bss            0x008000c0        0x4
                0x008000c0                PROVIDE (__bss_start, .)
 *(.bss)
 .bss           0x008000c0        0x0 c:/winavr-20100110/bin/../lib/gcc/avr/4.3.3/../../../../avr/lib/avr5/crtm32.o
 .bss           0x008000c0        0x0 ./MCAL/Dio/Dio.o
 .bss           0x008000c0        0x0 ./MCAL/Dio/Dio_config.o
 .bss           0x008000c0        0x0 ./HAL/UART/uart.o
 .bss           0x008000c0        0x0 ./HAL/SPI/master/master.o
 .bss           0x008000c0        0x0 ./HAL/SPI/master/master_cfg.o
 .bss           0x008000c0        0x0 ./HAL/LCD/lcd.o
 .bss           0x008000c0        0x0 ./main.o
 .bss           0x008000c0        0x0 c:/winavr-20100110/bin/../lib/gcc/avr/4.3.3/avr5\libgcc.a(_exit.o)
 .bss           0x008000c0        0x0 c:/winavr-20100110/bin/../lib/gcc/avr/4.3.3/avr5\libgcc.a(_copy_data.o)
 .bss           0x008000c0        0x0 c:/winavr-20100110/bin/../lib/gcc/avr/4.3.3/avr5\libgcc.a(_clear_bss.o)
 *(.bss*)
 .bss.ctr       0x008000c0        0x2 ./main.o
                0x008000c0                ctr
 .bss.ctr2      0x008000c2        0x2 ./main.o
                0x008000c2                ctr2
 *(COMMON)
                0x008000c4                PROVIDE (__bss_end, .)
                0x00000516                __data_load_start = LOADADDR (.data)
                0x00000576                __data_load_end = (__data_load_start + SIZEOF (.data))

.noinit         0x008000c4        0x0
                0x008000c4                PROVIDE (__noinit_start, .)
 *(.noinit*)
                0x008000c4                PROVIDE (__noinit_end, .)
                0x008000c4                _end = .
                0x008000c4                PROVIDE (__heap_start, .)

.eeprom         0x00810000        0x0
 *(.eeprom*)
                0x00810000                __eeprom_end = .

.fuse
 *(.fuse)
 *(.lfuse)
 *(.hfuse)
 *(.efuse)

.lock
 *(.lock*)

.signature
 *(.signature*)

.stab
 *(.stab)

.stabstr
 *(.stabstr)

.stab.excl
 *(.stab.excl)

.stab.exclstr
 *(.stab.exclstr)

.stab.index
 *(.stab.index)

.stab.indexstr
 *(.stab.indexstr)

.comment
 *(.comment)

.debug
 *(.debug)

.line
 *(.line)

.debug_srcinfo
 *(.debug_srcinfo)

.debug_sfnames
 *(.debug_sfnames)

.debug_aranges
 *(.debug_aranges)

.debug_pubnames
 *(.debug_pubnames)

.debug_info
 *(.debug_info)
 *(.gnu.linkonce.wi.*)

.debug_abbrev
 *(.debug_abbrev)

.debug_line
 *(.debug_line)

.debug_frame
 *(.debug_frame)

.debug_str
 *(.debug_str)

.debug_loc
 *(.debug_loc)

.debug_macinfo
 *(.debug_macinfo)
OUTPUT(main.elf elf32-avr)
LOAD linker stubs
